// Jest Snapshot v1, https://goo.gl/fbAQLP

exports[`matches snapshot 1`] = `
<DocumentFragment>
  <nav
    class="NavBar navbar navbar-expand-md navbar-dark"
  >
    <a
      aria-current="page"
      class="navbar-brand active"
      eventkey="1"
      href="/"
    >
      Jobly
    </a>
    <button
      aria-controls="navbar-collapse"
      aria-label="Toggle navigation"
      class="navbar-toggler collapsed"
      type="button"
    >
      <span
        class="navbar-toggler-icon"
      />
    </button>
    <div
      class="justify-content-end navbar-collapse collapse"
      id="navbar-collapse"
    >
      <div
        class="ml-auto navbar-nav"
      >
        <a
          class="nav-link"
          data-rb-event-key="5"
          href="/login"
        >
          Log In
        </a>
        <a
          class="nav-link"
          data-rb-event-key="6"
          href="/signup"
        >
          Sign Up
        </a>
      </div>
    </div>
  </nav>
  <div
    class="container"
  >
    <div
      class="Home"
    >
      <h1>
        Jobly
      </h1>
      <p>
        The best place to find your next job.
      </p>
    </div>
  </div>
</DocumentFragment>
`;
