// Jest Snapshot v1, https://goo.gl/fbAQLP

exports[`matches snapshot 1`] = `
<DocumentFragment>
  <div
    class="CompanyDetail"
  >
    <h2>
      Loading...
    </h2>
  </div>
</DocumentFragment>
`;
