// Jest Snapshot v1, https://goo.gl/fbAQLP

exports[`matches snapshot 1`] = `
<DocumentFragment>
  <div
    class="CompanyList"
  >
    <form
      class=""
    >
      <input
        class="my-2 form-control"
        id="search"
        name="search"
        placeholder="Enter search term"
        type="text"
        value=""
      />
      <button
        class="my-2 btn btn-primary"
        type="submit"
      >
        Submit
      </button>
    </form>
    <h2>
      Loading...
    </h2>
  </div>
</DocumentFragment>
`;
